// Vitest Snapshot v1, https://vitest.dev/guide/snapshot.html

exports[`ListItem component > Рендеринг на дефолтных props 1`] = `
"<div class=\\"list-item\\">
  <div class=\\"list-item-header\\">
    <list-item-button-stub isopen=\\"false\\" class=\\"list-item-button\\"></list-item-button-stub>
  </div>
  <div class=\\"list-item-content\\"></div>
</div>"
`;
