// Jest Snapshot v1, https://goo.gl/fbAQLP

exports[`Loader component Верстка 1`] = `
<img class="loader"
     src="assets/loader.gif"
     alt="loader-image"
>
`;
