// Vitest Snapshot v1, https://vitest.dev/guide/snapshot.html

exports[`Title component > Title показывается 1`] = `"<div style=\\"top: 0px; left: 0px;\\" class=\\"title\\">test_title</div>"`;
